I'm sorry, but errors were detected in your script. Please correct the
errors listed below, and try again.


File "game/greenhouse.rpy", line 93: expected 'image_name_component' not found.
    hide
        ^

Ren'Py Version: Ren'Py 8.2.1.24030407
Wed Mar 20 10:12:01 2024
